<?xml version="1.0" encoding="UTF-8"?>
<TestRun id="21359f5a-7f7e-478c-a30c-1003a257fb42" name="myfamily@MYFAMILY-PC 2012-04-19 22:41:41" runUser="myfamily-PC\myfamily" xmlns="http://microsoft.com/schemas/VisualStudio/TeamTest/2010">
  <TestSettings name="本地" id="30fa130a-0b35-4b6d-ba3b-5fa4a98ad95c">
    <Description>这些设置为本地测试运行的默认测试设置。</Description>
    <Deployment enabled="false" runDeploymentRoot="myfamily_MYFAMILY-PC 2012-04-19 22_41_41" />
    <Execution>
      <TestTypeSpecific />
      <AgentRule name="Execution Agents">
      </AgentRule>
    </Execution>
  </TestSettings>
  <Times creation="2012-04-19T22:41:41.0498046+08:00" queuing="2012-04-19T22:41:41.1494140+08:00" start="2012-04-19T22:41:41.2187500+08:00" finish="2012-04-19T22:41:42.0898437+08:00" />
  <ResultSummary outcome="Failed">
    <Counters total="11" executed="11" passed="4" error="0" failed="7" timeout="0" aborted="0" inconclusive="0" passedButRunAborted="0" notRunnable="0" notExecuted="0" disconnected="0" warning="0" completed="0" inProgress="0" pending="0" />
  </ResultSummary>
  <TestDefinitions>
    <UnitTest name="TestSampleGame" storage="c:\users\myfamily\documents\visual studio 2010\projects\testofbowling\testofbowling\bin\debug\testofbowling.dll" id="df4aae46-3753-03bc-42bb-a27626549207">
      <Execution id="fb3dbed9-ec3f-46db-8967-14285d0a5069" />
      <TestMethod codeBase="C:/Users/myfamily/documents/visual studio 2010/Projects/TestOfBowling/TestOfBowling/bin/Debug/TestOfBowling.DLL" adapterTypeName="Microsoft.VisualStudio.TestTools.TestTypes.Unit.UnitTestAdapter, Microsoft.VisualStudio.QualityTools.Tips.UnitTest.Adapter, Version=10.0.0.0, Culture=neutral, PublicKeyToken=b03f5f7f11d50a3a" className="TestOfBowling.GameTest, TestOfBowling, Version=1.0.0.0, Culture=neutral, PublicKeyToken=null" name="TestSampleGame" />
    </UnitTest>
    <UnitTest name="TestPerfectGame" storage="c:\users\myfamily\documents\visual studio 2010\projects\testofbowling\testofbowling\bin\debug\testofbowling.dll" id="364440e4-d6b6-da44-4b88-d07c8d0b4d35">
      <Execution id="ddedeb0a-fa47-4591-ab73-3da3d7a6f9cd" />
      <TestMethod codeBase="C:/Users/myfamily/documents/visual studio 2010/Projects/TestOfBowling/TestOfBowling/bin/Debug/TestOfBowling.DLL" adapterTypeName="Microsoft.VisualStudio.TestTools.TestTypes.Unit.UnitTestAdapter, Microsoft.VisualStudio.QualityTools.Tips.UnitTest.Adapter, Version=10.0.0.0, Culture=neutral, PublicKeyToken=b03f5f7f11d50a3a" className="TestOfBowling.GameTest, TestOfBowling, Version=1.0.0.0, Culture=neutral, PublicKeyToken=null" name="TestPerfectGame" />
    </UnitTest>
    <UnitTest name="TestTenthFrameSpare" storage="c:\users\myfamily\documents\visual studio 2010\projects\testofbowling\testofbowling\bin\debug\testofbowling.dll" id="757cc0bc-49f4-9afd-0a97-3219b5c3fef8">
      <Execution id="174b3085-7fc0-4c19-8705-37b17be61a1d" />
      <TestMethod codeBase="C:/Users/myfamily/documents/visual studio 2010/Projects/TestOfBowling/TestOfBowling/bin/Debug/TestOfBowling.DLL" adapterTypeName="Microsoft.VisualStudio.TestTools.TestTypes.Unit.UnitTestAdapter, Microsoft.VisualStudio.QualityTools.Tips.UnitTest.Adapter, Version=10.0.0.0, Culture=neutral, PublicKeyToken=b03f5f7f11d50a3a" className="TestOfBowling.GameTest, TestOfBowling, Version=1.0.0.0, Culture=neutral, PublicKeyToken=null" name="TestTenthFrameSpare" />
    </UnitTest>
    <UnitTest name="TestTwoThrowNoMark" storage="c:\users\myfamily\documents\visual studio 2010\projects\testofbowling\testofbowling\bin\debug\testofbowling.dll" id="8ca4f23a-d98e-32ac-1905-d5e658b05f5f">
      <Execution id="2d6c96fa-026a-4bff-a129-69e9f1a3c9e8" />
      <TestMethod codeBase="C:/Users/myfamily/documents/visual studio 2010/Projects/TestOfBowling/TestOfBowling/bin/Debug/TestOfBowling.DLL" adapterTypeName="Microsoft.VisualStudio.TestTools.TestTypes.Unit.UnitTestAdapter, Microsoft.VisualStudio.QualityTools.Tips.UnitTest.Adapter, Version=10.0.0.0, Culture=neutral, PublicKeyToken=b03f5f7f11d50a3a" className="TestOfBowling.GameTest, TestOfBowling, Version=1.0.0.0, Culture=neutral, PublicKeyToken=null" name="TestTwoThrowNoMark" />
    </UnitTest>
    <UnitTest name="TestEndOfArray" storage="c:\users\myfamily\documents\visual studio 2010\projects\testofbowling\testofbowling\bin\debug\testofbowling.dll" id="026db5d6-89cd-487f-d299-45218b65caa2">
      <Execution id="1a1da09e-222d-40c7-b1bc-e0bc39183a18" />
      <TestMethod codeBase="C:/Users/myfamily/documents/visual studio 2010/Projects/TestOfBowling/TestOfBowling/bin/Debug/TestOfBowling.DLL" adapterTypeName="Microsoft.VisualStudio.TestTools.TestTypes.Unit.UnitTestAdapter, Microsoft.VisualStudio.QualityTools.Tips.UnitTest.Adapter, Version=10.0.0.0, Culture=neutral, PublicKeyToken=b03f5f7f11d50a3a" className="TestOfBowling.GameTest, TestOfBowling, Version=1.0.0.0, Culture=neutral, PublicKeyToken=null" name="TestEndOfArray" />
    </UnitTest>
    <UnitTest name="TestOneThrow" storage="c:\users\myfamily\documents\visual studio 2010\projects\testofbowling\testofbowling\bin\debug\testofbowling.dll" id="8a9b7288-67f7-6453-ec71-e8a325e7b2d2">
      <Execution id="de34ae8d-cfee-40f9-985b-cd1a7075b4e8" />
      <TestMethod codeBase="C:/Users/myfamily/documents/visual studio 2010/Projects/TestOfBowling/TestOfBowling/bin/Debug/TestOfBowling.DLL" adapterTypeName="Microsoft.VisualStudio.TestTools.TestTypes.Unit.UnitTestAdapter, Microsoft.VisualStudio.QualityTools.Tips.UnitTest.Adapter, Version=10.0.0.0, Culture=neutral, PublicKeyToken=b03f5f7f11d50a3a" className="TestOfBowling.GameTest, TestOfBowling, Version=1.0.0.0, Culture=neutral, PublicKeyToken=null" name="TestOneThrow" />
    </UnitTest>
    <UnitTest name="TestSimpleStrike" storage="c:\users\myfamily\documents\visual studio 2010\projects\testofbowling\testofbowling\bin\debug\testofbowling.dll" id="187748c7-2ca9-2465-6552-a546dc9e023b">
      <Execution id="a2386ff2-5361-4512-8369-231272e23025" />
      <TestMethod codeBase="C:/Users/myfamily/documents/visual studio 2010/Projects/TestOfBowling/TestOfBowling/bin/Debug/TestOfBowling.DLL" adapterTypeName="Microsoft.VisualStudio.TestTools.TestTypes.Unit.UnitTestAdapter, Microsoft.VisualStudio.QualityTools.Tips.UnitTest.Adapter, Version=10.0.0.0, Culture=neutral, PublicKeyToken=b03f5f7f11d50a3a" className="TestOfBowling.GameTest, TestOfBowling, Version=1.0.0.0, Culture=neutral, PublicKeyToken=null" name="TestSimpleStrike" />
    </UnitTest>
    <UnitTest name="TestSimpleSpare" storage="c:\users\myfamily\documents\visual studio 2010\projects\testofbowling\testofbowling\bin\debug\testofbowling.dll" id="ae1b6d7a-8fda-e440-28e1-73f5e0636850">
      <Execution id="4caf4f28-0dbc-451d-abc7-7424c433e61a" />
      <TestMethod codeBase="C:/Users/myfamily/documents/visual studio 2010/Projects/TestOfBowling/TestOfBowling/bin/Debug/TestOfBowling.DLL" adapterTypeName="Microsoft.VisualStudio.TestTools.TestTypes.Unit.UnitTestAdapter, Microsoft.VisualStudio.QualityTools.Tips.UnitTest.Adapter, Version=10.0.0.0, Culture=neutral, PublicKeyToken=b03f5f7f11d50a3a" className="TestOfBowling.GameTest, TestOfBowling, Version=1.0.0.0, Culture=neutral, PublicKeyToken=null" name="TestSimpleSpare" />
    </UnitTest>
    <UnitTest name="TestFourThrowsNoMark" storage="c:\users\myfamily\documents\visual studio 2010\projects\testofbowling\testofbowling\bin\debug\testofbowling.dll" id="8e6f7331-ea5b-42f6-88f6-93e9dc8f019e">
      <Execution id="5200d95a-6c58-414b-8c77-a32e1bad2b13" />
      <TestMethod codeBase="C:/Users/myfamily/documents/visual studio 2010/Projects/TestOfBowling/TestOfBowling/bin/Debug/TestOfBowling.DLL" adapterTypeName="Microsoft.VisualStudio.TestTools.TestTypes.Unit.UnitTestAdapter, Microsoft.VisualStudio.QualityTools.Tips.UnitTest.Adapter, Version=10.0.0.0, Culture=neutral, PublicKeyToken=b03f5f7f11d50a3a" className="TestOfBowling.GameTest, TestOfBowling, Version=1.0.0.0, Culture=neutral, PublicKeyToken=null" name="TestFourThrowsNoMark" />
    </UnitTest>
    <UnitTest name="TestHeartBreak" storage="c:\users\myfamily\documents\visual studio 2010\projects\testofbowling\testofbowling\bin\debug\testofbowling.dll" id="c0e382aa-abee-c5d0-af25-05a3f33d52ad">
      <Execution id="c5886060-2c14-426d-bedf-882e6a5e0cf6" />
      <TestMethod codeBase="C:/Users/myfamily/documents/visual studio 2010/Projects/TestOfBowling/TestOfBowling/bin/Debug/TestOfBowling.DLL" adapterTypeName="Microsoft.VisualStudio.TestTools.TestTypes.Unit.UnitTestAdapter, Microsoft.VisualStudio.QualityTools.Tips.UnitTest.Adapter, Version=10.0.0.0, Culture=neutral, PublicKeyToken=b03f5f7f11d50a3a" className="TestOfBowling.GameTest, TestOfBowling, Version=1.0.0.0, Culture=neutral, PublicKeyToken=null" name="TestHeartBreak" />
    </UnitTest>
    <UnitTest name="TestSimpleFrameAfterSpare" storage="c:\users\myfamily\documents\visual studio 2010\projects\testofbowling\testofbowling\bin\debug\testofbowling.dll" id="63c33626-7d32-d954-384b-95b511df2161">
      <Execution id="27d4227f-7349-44af-9373-c88fe293aa06" />
      <TestMethod codeBase="C:/Users/myfamily/documents/visual studio 2010/Projects/TestOfBowling/TestOfBowling/bin/Debug/TestOfBowling.DLL" adapterTypeName="Microsoft.VisualStudio.TestTools.TestTypes.Unit.UnitTestAdapter, Microsoft.VisualStudio.QualityTools.Tips.UnitTest.Adapter, Version=10.0.0.0, Culture=neutral, PublicKeyToken=b03f5f7f11d50a3a" className="TestOfBowling.GameTest, TestOfBowling, Version=1.0.0.0, Culture=neutral, PublicKeyToken=null" name="TestSimpleFrameAfterSpare" />
    </UnitTest>
  </TestDefinitions>
  <TestLists>
    <TestList name="列表中未列出的结果" id="8c84fa94-04c1-424b-9868-57a2d4851a1d" />
    <TestList name="所有已加载的结果" id="19431567-8539-422a-85d7-44ee4e166bda" />
  </TestLists>
  <TestEntries>
    <TestEntry testId="026db5d6-89cd-487f-d299-45218b65caa2" executionId="1a1da09e-222d-40c7-b1bc-e0bc39183a18" testListId="8c84fa94-04c1-424b-9868-57a2d4851a1d" />
    <TestEntry testId="187748c7-2ca9-2465-6552-a546dc9e023b" executionId="a2386ff2-5361-4512-8369-231272e23025" testListId="8c84fa94-04c1-424b-9868-57a2d4851a1d" />
    <TestEntry testId="364440e4-d6b6-da44-4b88-d07c8d0b4d35" executionId="ddedeb0a-fa47-4591-ab73-3da3d7a6f9cd" testListId="8c84fa94-04c1-424b-9868-57a2d4851a1d" />
    <TestEntry testId="63c33626-7d32-d954-384b-95b511df2161" executionId="27d4227f-7349-44af-9373-c88fe293aa06" testListId="8c84fa94-04c1-424b-9868-57a2d4851a1d" />
    <TestEntry testId="757cc0bc-49f4-9afd-0a97-3219b5c3fef8" executionId="174b3085-7fc0-4c19-8705-37b17be61a1d" testListId="8c84fa94-04c1-424b-9868-57a2d4851a1d" />
    <TestEntry testId="8a9b7288-67f7-6453-ec71-e8a325e7b2d2" executionId="de34ae8d-cfee-40f9-985b-cd1a7075b4e8" testListId="8c84fa94-04c1-424b-9868-57a2d4851a1d" />
    <TestEntry testId="8ca4f23a-d98e-32ac-1905-d5e658b05f5f" executionId="2d6c96fa-026a-4bff-a129-69e9f1a3c9e8" testListId="8c84fa94-04c1-424b-9868-57a2d4851a1d" />
    <TestEntry testId="8e6f7331-ea5b-42f6-88f6-93e9dc8f019e" executionId="5200d95a-6c58-414b-8c77-a32e1bad2b13" testListId="8c84fa94-04c1-424b-9868-57a2d4851a1d" />
    <TestEntry testId="ae1b6d7a-8fda-e440-28e1-73f5e0636850" executionId="4caf4f28-0dbc-451d-abc7-7424c433e61a" testListId="8c84fa94-04c1-424b-9868-57a2d4851a1d" />
    <TestEntry testId="c0e382aa-abee-c5d0-af25-05a3f33d52ad" executionId="c5886060-2c14-426d-bedf-882e6a5e0cf6" testListId="8c84fa94-04c1-424b-9868-57a2d4851a1d" />
    <TestEntry testId="df4aae46-3753-03bc-42bb-a27626549207" executionId="fb3dbed9-ec3f-46db-8967-14285d0a5069" testListId="8c84fa94-04c1-424b-9868-57a2d4851a1d" />
  </TestEntries>
  <Results>
    <UnitTestResult executionId="1a1da09e-222d-40c7-b1bc-e0bc39183a18" testId="026db5d6-89cd-487f-d299-45218b65caa2" testName="TestEndOfArray" computerName="MYFAMILY-PC" duration="00:00:00.0495515" startTime="2012-04-19T22:41:41.2109375+08:00" endTime="2012-04-19T22:41:41.6542968+08:00" testType="13cdc9d9-ddb5-4fa4-a97d-d965ccfc6d4b" outcome="Failed" testListId="8c84fa94-04c1-424b-9868-57a2d4851a1d" relativeResultsDirectory="1a1da09e-222d-40c7-b1bc-e0bc39183a18">
      <Output>
        <ErrorInfo>
          <Message>测试方法 TestOfBowling.GameTest.TestEndOfArray 引发了异常: 
System.NullReferenceException: 未将对象引用设置到对象的实例。</Message>
          <StackTrace>    在 TestOfBowling.GameTest.TestEndOfArray() 位置 C:\Users\myfamily\documents\visual studio 2010\Projects\TestOfBowling\TestOfBowling\GameTest.cs:行号 126
</StackTrace>
        </ErrorInfo>
      </Output>
    </UnitTestResult>
    <UnitTestResult executionId="a2386ff2-5361-4512-8369-231272e23025" testId="187748c7-2ca9-2465-6552-a546dc9e023b" testName="TestSimpleStrike" computerName="MYFAMILY-PC" duration="00:00:00.0265676" startTime="2012-04-19T22:41:41.6611328+08:00" endTime="2012-04-19T22:41:41.6972656+08:00" testType="13cdc9d9-ddb5-4fa4-a97d-d965ccfc6d4b" outcome="Failed" testListId="8c84fa94-04c1-424b-9868-57a2d4851a1d" relativeResultsDirectory="a2386ff2-5361-4512-8369-231272e23025">
      <Output>
        <ErrorInfo>
          <Message>测试方法 TestOfBowling.GameTest.TestSimpleStrike 引发了异常: 
System.NullReferenceException: 未将对象引用设置到对象的实例。</Message>
          <StackTrace>    在 TestOfBowling.GameTest.TestSimpleStrike() 位置 C:\Users\myfamily\documents\visual studio 2010\Projects\TestOfBowling\TestOfBowling\GameTest.cs:行号 104
</StackTrace>
        </ErrorInfo>
      </Output>
    </UnitTestResult>
    <UnitTestResult executionId="ddedeb0a-fa47-4591-ab73-3da3d7a6f9cd" testId="364440e4-d6b6-da44-4b88-d07c8d0b4d35" testName="TestPerfectGame" computerName="MYFAMILY-PC" duration="00:00:00.0025617" startTime="2012-04-19T22:41:41.6992187+08:00" endTime="2012-04-19T22:41:41.7119140+08:00" testType="13cdc9d9-ddb5-4fa4-a97d-d965ccfc6d4b" outcome="Failed" testListId="8c84fa94-04c1-424b-9868-57a2d4851a1d" relativeResultsDirectory="ddedeb0a-fa47-4591-ab73-3da3d7a6f9cd">
      <Output>
        <ErrorInfo>
          <Message>测试方法 TestOfBowling.GameTest.TestPerfectGame 引发了异常: 
System.NullReferenceException: 未将对象引用设置到对象的实例。</Message>
          <StackTrace>    在 TestOfBowling.GameTest.TestPerfectGame() 位置 C:\Users\myfamily\documents\visual studio 2010\Projects\TestOfBowling\TestOfBowling\GameTest.cs:行号 116
</StackTrace>
        </ErrorInfo>
      </Output>
    </UnitTestResult>
    <UnitTestResult executionId="27d4227f-7349-44af-9373-c88fe293aa06" testId="63c33626-7d32-d954-384b-95b511df2161" testName="TestSimpleFrameAfterSpare" computerName="MYFAMILY-PC" duration="00:00:00.0099702" startTime="2012-04-19T22:41:41.7841796+08:00" endTime="2012-04-19T22:41:41.8076171+08:00" testType="13cdc9d9-ddb5-4fa4-a97d-d965ccfc6d4b" outcome="Failed" testListId="8c84fa94-04c1-424b-9868-57a2d4851a1d" relativeResultsDirectory="27d4227f-7349-44af-9373-c88fe293aa06">
      <Output>
        <ErrorInfo>
          <Message>测试方法 TestOfBowling.GameTest.TestSimpleFrameAfterSpare 引发了异常: 
System.NullReferenceException: 未将对象引用设置到对象的实例。</Message>
          <StackTrace>    在 TestOfBowling.GameTest.TestSimpleFrameAfterSpare() 位置 C:\Users\myfamily\documents\visual studio 2010\Projects\TestOfBowling\TestOfBowling\GameTest.cs:行号 92
</StackTrace>
        </ErrorInfo>
      </Output>
    </UnitTestResult>
    <UnitTestResult executionId="174b3085-7fc0-4c19-8705-37b17be61a1d" testId="757cc0bc-49f4-9afd-0a97-3219b5c3fef8" testName="TestTenthFrameSpare" computerName="MYFAMILY-PC" duration="00:00:00.0167093" startTime="2012-04-19T22:41:41.8173828+08:00" endTime="2012-04-19T22:41:41.8603515+08:00" testType="13cdc9d9-ddb5-4fa4-a97d-d965ccfc6d4b" outcome="Failed" testListId="8c84fa94-04c1-424b-9868-57a2d4851a1d" relativeResultsDirectory="174b3085-7fc0-4c19-8705-37b17be61a1d">
      <Output>
        <ErrorInfo>
          <Message>测试方法 TestOfBowling.GameTest.TestTenthFrameSpare 引发了异常: 
System.NullReferenceException: 未将对象引用设置到对象的实例。</Message>
          <StackTrace>    在 TestOfBowling.GameTest.TestTenthFrameSpare() 位置 C:\Users\myfamily\documents\visual studio 2010\Projects\TestOfBowling\TestOfBowling\GameTest.cs:行号 173
</StackTrace>
        </ErrorInfo>
      </Output>
    </UnitTestResult>
    <UnitTestResult executionId="de34ae8d-cfee-40f9-985b-cd1a7075b4e8" testId="8a9b7288-67f7-6453-ec71-e8a325e7b2d2" testName="TestOneThrow" computerName="MYFAMILY-PC" duration="00:00:00.0010794" startTime="2012-04-19T22:41:41.8847656+08:00" endTime="2012-04-19T22:41:41.8984375+08:00" testType="13cdc9d9-ddb5-4fa4-a97d-d965ccfc6d4b" outcome="Passed" testListId="8c84fa94-04c1-424b-9868-57a2d4851a1d" relativeResultsDirectory="de34ae8d-cfee-40f9-985b-cd1a7075b4e8">
    </UnitTestResult>
    <UnitTestResult executionId="2d6c96fa-026a-4bff-a129-69e9f1a3c9e8" testId="8ca4f23a-d98e-32ac-1905-d5e658b05f5f" testName="TestTwoThrowNoMark" computerName="MYFAMILY-PC" duration="00:00:00.0008858" startTime="2012-04-19T22:41:41.9121093+08:00" endTime="2012-04-19T22:41:41.9326171+08:00" testType="13cdc9d9-ddb5-4fa4-a97d-d965ccfc6d4b" outcome="Passed" testListId="8c84fa94-04c1-424b-9868-57a2d4851a1d" relativeResultsDirectory="2d6c96fa-026a-4bff-a129-69e9f1a3c9e8">
    </UnitTestResult>
    <UnitTestResult executionId="5200d95a-6c58-414b-8c77-a32e1bad2b13" testId="8e6f7331-ea5b-42f6-88f6-93e9dc8f019e" testName="TestFourThrowsNoMark" computerName="MYFAMILY-PC" duration="00:00:00.0034252" startTime="2012-04-19T22:41:41.9433593+08:00" endTime="2012-04-19T22:41:41.9560546+08:00" testType="13cdc9d9-ddb5-4fa4-a97d-d965ccfc6d4b" outcome="Passed" testListId="8c84fa94-04c1-424b-9868-57a2d4851a1d" relativeResultsDirectory="5200d95a-6c58-414b-8c77-a32e1bad2b13">
    </UnitTestResult>
    <UnitTestResult executionId="4caf4f28-0dbc-451d-abc7-7424c433e61a" testId="ae1b6d7a-8fda-e440-28e1-73f5e0636850" testName="TestSimpleSpare" computerName="MYFAMILY-PC" duration="00:00:00.0061781" startTime="2012-04-19T22:41:41.9707031+08:00" endTime="2012-04-19T22:41:41.9931640+08:00" testType="13cdc9d9-ddb5-4fa4-a97d-d965ccfc6d4b" outcome="Passed" testListId="8c84fa94-04c1-424b-9868-57a2d4851a1d" relativeResultsDirectory="4caf4f28-0dbc-451d-abc7-7424c433e61a">
    </UnitTestResult>
    <UnitTestResult executionId="c5886060-2c14-426d-bedf-882e6a5e0cf6" testId="c0e382aa-abee-c5d0-af25-05a3f33d52ad" testName="TestHeartBreak" computerName="MYFAMILY-PC" duration="00:00:00.0059658" startTime="2012-04-19T22:41:42.0087890+08:00" endTime="2012-04-19T22:41:42.0322265+08:00" testType="13cdc9d9-ddb5-4fa4-a97d-d965ccfc6d4b" outcome="Failed" testListId="8c84fa94-04c1-424b-9868-57a2d4851a1d" relativeResultsDirectory="c5886060-2c14-426d-bedf-882e6a5e0cf6">
      <Output>
        <ErrorInfo>
          <Message>测试方法 TestOfBowling.GameTest.TestHeartBreak 引发了异常: 
System.NullReferenceException: 未将对象引用设置到对象的实例。</Message>
          <StackTrace>    在 TestOfBowling.GameTest.TestHeartBreak() 位置 C:\Users\myfamily\documents\visual studio 2010\Projects\TestOfBowling\TestOfBowling\GameTest.cs:行号 164
</StackTrace>
        </ErrorInfo>
      </Output>
    </UnitTestResult>
    <UnitTestResult executionId="fb3dbed9-ec3f-46db-8967-14285d0a5069" testId="df4aae46-3753-03bc-42bb-a27626549207" testName="TestSampleGame" computerName="MYFAMILY-PC" duration="00:00:00.0085114" startTime="2012-04-19T22:41:42.0400390+08:00" endTime="2012-04-19T22:41:42.0576171+08:00" testType="13cdc9d9-ddb5-4fa4-a97d-d965ccfc6d4b" outcome="Failed" testListId="8c84fa94-04c1-424b-9868-57a2d4851a1d" relativeResultsDirectory="fb3dbed9-ec3f-46db-8967-14285d0a5069">
      <Output>
        <ErrorInfo>
          <Message>测试方法 TestOfBowling.GameTest.TestSampleGame 引发了异常: 
System.NullReferenceException: 未将对象引用设置到对象的实例。</Message>
          <StackTrace>    在 TestOfBowling.GameTest.TestSampleGame() 位置 C:\Users\myfamily\documents\visual studio 2010\Projects\TestOfBowling\TestOfBowling\GameTest.cs:行号 138
</StackTrace>
        </ErrorInfo>
      </Output>
    </UnitTestResult>
  </Results>
</TestRun>