<?xml version="1.0" encoding="UTF-8"?>
<TestRun id="0fb971e7-1d5d-4236-91ba-f5f49d3345f8" name="myfamily@MYFAMILY-PC 2012-04-19 18:05:51" runUser="myfamily-PC\myfamily" xmlns="http://microsoft.com/schemas/VisualStudio/TeamTest/2010">
  <TestSettings name="本地" id="30fa130a-0b35-4b6d-ba3b-5fa4a98ad95c">
    <Description>这些设置为本地测试运行的默认测试设置。</Description>
    <Deployment enabled="false" runDeploymentRoot="myfamily_MYFAMILY-PC 2012-04-19 18_05_51" />
    <Execution>
      <TestTypeSpecific />
      <AgentRule name="Execution Agents">
      </AgentRule>
    </Execution>
  </TestSettings>
  <Times creation="2012-04-19T18:05:51.5253906+08:00" queuing="2012-04-19T18:05:52.0058593+08:00" start="2012-04-19T18:05:52.0839843+08:00" finish="2012-04-19T18:05:52.8564453+08:00" />
  <ResultSummary outcome="Completed">
    <Counters total="3" executed="3" passed="3" error="0" failed="0" timeout="0" aborted="0" inconclusive="0" passedButRunAborted="0" notRunnable="0" notExecuted="0" disconnected="0" warning="0" completed="0" inProgress="0" pending="0" />
  </ResultSummary>
  <TestDefinitions>
    <UnitTest name="TestTwoThrowNoMark" storage="c:\users\myfamily\documents\visual studio 2010\projects\testofbowling\testofbowling\bin\debug\testofbowling.dll" id="8ca4f23a-d98e-32ac-1905-d5e658b05f5f">
      <Execution id="76b77ce5-0587-458d-b114-6de34e78ddcb" />
      <TestMethod codeBase="C:/Users/myfamily/documents/visual studio 2010/Projects/TestOfBowling/TestOfBowling/bin/Debug/TestOfBowling.DLL" adapterTypeName="Microsoft.VisualStudio.TestTools.TestTypes.Unit.UnitTestAdapter, Microsoft.VisualStudio.QualityTools.Tips.UnitTest.Adapter, Version=10.0.0.0, Culture=neutral, PublicKeyToken=b03f5f7f11d50a3a" className="TestOfBowling.GameTest, TestOfBowling, Version=1.0.0.0, Culture=neutral, PublicKeyToken=null" name="TestTwoThrowNoMark" />
    </UnitTest>
    <UnitTest name="TestFourThrowsNoMark" storage="c:\users\myfamily\documents\visual studio 2010\projects\testofbowling\testofbowling\bin\debug\testofbowling.dll" id="8e6f7331-ea5b-42f6-88f6-93e9dc8f019e">
      <Execution id="9ac26232-3dd3-4ad9-aa3d-3de0f0fa80fe" />
      <TestMethod codeBase="C:/Users/myfamily/documents/visual studio 2010/Projects/TestOfBowling/TestOfBowling/bin/Debug/TestOfBowling.DLL" adapterTypeName="Microsoft.VisualStudio.TestTools.TestTypes.Unit.UnitTestAdapter, Microsoft.VisualStudio.QualityTools.Tips.UnitTest.Adapter, Version=10.0.0.0, Culture=neutral, PublicKeyToken=b03f5f7f11d50a3a" className="TestOfBowling.GameTest, TestOfBowling, Version=1.0.0.0, Culture=neutral, PublicKeyToken=null" name="TestFourThrowsNoMark" />
    </UnitTest>
    <UnitTest name="TestOneThrow" storage="c:\users\myfamily\documents\visual studio 2010\projects\testofbowling\testofbowling\bin\debug\testofbowling.dll" id="8a9b7288-67f7-6453-ec71-e8a325e7b2d2">
      <Execution id="27b52f50-01fb-42e0-abe4-488c233638d5" />
      <TestMethod codeBase="C:/Users/myfamily/documents/visual studio 2010/Projects/TestOfBowling/TestOfBowling/bin/Debug/TestOfBowling.DLL" adapterTypeName="Microsoft.VisualStudio.TestTools.TestTypes.Unit.UnitTestAdapter, Microsoft.VisualStudio.QualityTools.Tips.UnitTest.Adapter, Version=10.0.0.0, Culture=neutral, PublicKeyToken=b03f5f7f11d50a3a" className="TestOfBowling.GameTest, TestOfBowling, Version=1.0.0.0, Culture=neutral, PublicKeyToken=null" name="TestOneThrow" />
    </UnitTest>
  </TestDefinitions>
  <TestLists>
    <TestList name="列表中未列出的结果" id="8c84fa94-04c1-424b-9868-57a2d4851a1d" />
    <TestList name="所有已加载的结果" id="19431567-8539-422a-85d7-44ee4e166bda" />
  </TestLists>
  <TestEntries>
    <TestEntry testId="8a9b7288-67f7-6453-ec71-e8a325e7b2d2" executionId="27b52f50-01fb-42e0-abe4-488c233638d5" testListId="8c84fa94-04c1-424b-9868-57a2d4851a1d" />
    <TestEntry testId="8ca4f23a-d98e-32ac-1905-d5e658b05f5f" executionId="76b77ce5-0587-458d-b114-6de34e78ddcb" testListId="8c84fa94-04c1-424b-9868-57a2d4851a1d" />
    <TestEntry testId="8e6f7331-ea5b-42f6-88f6-93e9dc8f019e" executionId="9ac26232-3dd3-4ad9-aa3d-3de0f0fa80fe" testListId="8c84fa94-04c1-424b-9868-57a2d4851a1d" />
  </TestEntries>
  <Results>
    <UnitTestResult executionId="27b52f50-01fb-42e0-abe4-488c233638d5" testId="8a9b7288-67f7-6453-ec71-e8a325e7b2d2" testName="TestOneThrow" computerName="MYFAMILY-PC" duration="00:00:00.0394569" startTime="2012-04-19T18:05:52.1025390+08:00" endTime="2012-04-19T18:05:52.7275390+08:00" testType="13cdc9d9-ddb5-4fa4-a97d-d965ccfc6d4b" outcome="Passed" testListId="8c84fa94-04c1-424b-9868-57a2d4851a1d" relativeResultsDirectory="27b52f50-01fb-42e0-abe4-488c233638d5">
    </UnitTestResult>
    <UnitTestResult executionId="76b77ce5-0587-458d-b114-6de34e78ddcb" testId="8ca4f23a-d98e-32ac-1905-d5e658b05f5f" testName="TestTwoThrowNoMark" computerName="MYFAMILY-PC" duration="00:00:00.0004433" startTime="2012-04-19T18:05:52.7353515+08:00" endTime="2012-04-19T18:05:52.7451171+08:00" testType="13cdc9d9-ddb5-4fa4-a97d-d965ccfc6d4b" outcome="Passed" testListId="8c84fa94-04c1-424b-9868-57a2d4851a1d" relativeResultsDirectory="76b77ce5-0587-458d-b114-6de34e78ddcb">
    </UnitTestResult>
    <UnitTestResult executionId="9ac26232-3dd3-4ad9-aa3d-3de0f0fa80fe" testId="8e6f7331-ea5b-42f6-88f6-93e9dc8f019e" testName="TestFourThrowsNoMark" computerName="MYFAMILY-PC" duration="00:00:00.0008076" startTime="2012-04-19T18:05:52.7509765+08:00" endTime="2012-04-19T18:05:52.7587890+08:00" testType="13cdc9d9-ddb5-4fa4-a97d-d965ccfc6d4b" outcome="Passed" testListId="8c84fa94-04c1-424b-9868-57a2d4851a1d" relativeResultsDirectory="9ac26232-3dd3-4ad9-aa3d-3de0f0fa80fe">
    </UnitTestResult>
  </Results>
</TestRun>